
> tender-analysis@1.0.0 test
> vitest run


 RUN  v3.2.4 /Users/xuemian/SynologyDrive/USYD/home_proj

 ✓ src/__tests__/token-tracker.test.ts (4 tests) 4ms
 ✓ src/__tests__/prompt.test.ts (5 tests) 3ms
 ✓ src/__tests__/in-memory-vector-store.test.ts (12 tests) 5ms
 ✓ src/__tests__/chunker.test.ts (7 tests) 5ms
 ✓ src/__tests__/retriever.test.ts (4 tests) 5ms
 ✓ src/__tests__/history-store.test.ts (4 tests) 8ms
 ✓ src/__tests__/schemas.test.ts (17 tests) 8ms
 ✓ src/__tests__/steps.test.ts (3 tests) 27ms
 ✓ src/__tests__/workflow.test.ts (1 test) 12ms

 Test Files  9 passed (9)
      Tests  57 passed (57)
   Start at  13:50:55
   Duration  908ms (transform 460ms, setup 0ms, collect 1.65s, tests 77ms, environment 1ms, prepare 1.09s)

